Pyomo NL writer low-memory patch ACTIVE: variable bounds and initial values are streamed through lazy mappings.

===== BUILDING BASE OPENDSS CIRCUIT =====
Generating to C:\Users\MUNEERA\AppData\Local\Temp\gen_py\3.11\8BFDE413-245A-4514-B151-B16DCC243796x0x1x0.py
Building definitions from type library...
Generating...
Importing module
Initial OpenDSS solution converged

===== EXTRACTING NETWORK DATA =====

===== WRITING OPF DATA FILES =====

===== VOLTAGE INITIALISATION =====

===== BUILDING LOAD AND CENTRAL PV PROFILES =====
CentralBESS_sizing_mode  CentralSolar_peak_available_W  CentralSolar_available_energy_Wh_over_horizon CentralBESS_bus  CentralBESS_E_rating_Wh  CentralBESS_P_ch_max_W  CentralBESS_P_dis_max_W  CentralBESS_Q_max_var  CentralBESS_eta_ch  CentralBESS_eta_dis  CentralBESS_SOC_init  CentralBESS_SOC_min  CentralBESS_SOC_max  CentralBESS_SOC_final  CentralBESS_per_phase_power_limit_fraction  CentralBESS_per_phase_q_limit_fraction               Objective_mode  Battery_throughput_penalty  Net_injection_smoothing_penalty                                                                    Objective_equation  CentralBESS_use_binary_mode  CentralBESS_enforce_night_only_discharge  CentralBESS_night_pv_to_demand_ratio_threshold                                                                                            Main_fairness_note
           user_defined                  235990.308754                                   1.750273e+06    feeder2_1818                1000000.0                250000.0                 250000.0               250000.0                 0.9                  0.9                   0.5                  0.1                  1.0                    0.5                                    0.333333                                0.333333 one_stage_weighted_power_sum                      0.0001                              0.0 sum_t[(PV_available-PV_command)+1e-3*|Q_PV|] + 1e-4*sum_t(BESS_charge+BESS_discharge)                        False                                      True                                        0.000001 Same total BESS kW/kWh/SOC/bus/objective in balanced and per-phase cases; only phase-control freedom changes.

===== ACTIVE BESS INITIAL GUESS (INITIAL POINT ONLY) =====
Charge: 10.000 kW total at [630, 660, 690, 810]; discharge: 8.100 kW total at [1260, 1290, 1320, 1380]; terminal SOC=0.500000.
These values are NOT fixed; Knitro is free to change them.

===== BUILDING 48-INTERVAL OPENDSS QSTS FEASIBLE SEED =====
Generating to C:\Users\MUNEERA\AppData\Local\Temp\gen_py\3.11\8BFDE413-245A-4514-B151-B16DCC243796x0x1x0.py
Building definitions from type library...
Generating...
Importing module
t=  30 min: feasible PV seed    0.000 /    0.000 kW (alpha=0.00000)
t=  60 min: feasible PV seed    0.000 /    0.000 kW (alpha=0.00000)
t=  90 min: feasible PV seed    0.000 /    0.000 kW (alpha=0.00000)
t= 120 min: feasible PV seed    0.000 /    0.000 kW (alpha=0.00000)
t= 150 min: feasible PV seed    0.000 /    0.000 kW (alpha=0.00000)
t= 180 min: feasible PV seed    0.000 /    0.000 kW (alpha=0.00000)
t= 210 min: feasible PV seed    0.000 /    0.000 kW (alpha=0.00000)
t= 240 min: feasible PV seed    0.803 /    0.803 kW (alpha=1.00000)
t= 270 min: feasible PV seed    3.348 /    3.348 kW (alpha=1.00000)
t= 300 min: feasible PV seed    7.612 /    7.612 kW (alpha=1.00000)
t= 330 min: feasible PV seed   16.215 /   16.215 kW (alpha=1.00000)
t= 360 min: feasible PV seed   32.041 /   32.041 kW (alpha=1.00000)
t= 390 min: feasible PV seed   67.541 /   67.541 kW (alpha=1.00000)
t= 420 min: feasible PV seed   61.173 /   81.236 kW (alpha=0.75303)
t= 450 min: feasible PV seed   62.918 /  139.783 kW (alpha=0.45011)
t= 480 min: feasible PV seed   68.801 /  137.807 kW (alpha=0.49926)
t= 510 min: feasible PV seed   74.177 /  157.786 kW (alpha=0.47011)
t= 540 min: feasible PV seed   73.623 /  172.443 kW (alpha=0.42694)
t= 570 min: feasible PV seed   60.543 /  185.006 kW (alpha=0.32725)
t= 600 min: feasible PV seed   54.559 /  119.416 kW (alpha=0.45688)
t= 630 min: feasible PV seed   84.920 /  229.746 kW (alpha=0.36963)
t= 660 min: feasible PV seed   84.293 /  235.990 kW (alpha=0.35719)
t= 690 min: feasible PV seed   84.623 /  232.588 kW (alpha=0.36383)
t= 720 min: feasible PV seed   75.091 /  137.663 kW (alpha=0.54547)
t= 750 min: feasible PV seed   70.433 /   86.507 kW (alpha=0.81419)
t= 780 min: feasible PV seed   63.436 /   63.436 kW (alpha=1.00000)
t= 810 min: feasible PV seed   66.157 /  220.843 kW (alpha=0.29957)
t= 840 min: feasible PV seed   60.254 /  219.015 kW (alpha=0.27512)
t= 870 min: feasible PV seed   48.310 /  209.105 kW (alpha=0.23103)
t= 900 min: feasible PV seed   74.876 /  169.590 kW (alpha=0.44151)
t= 930 min: feasible PV seed   75.102 /  108.386 kW (alpha=0.69291)
t= 960 min: feasible PV seed   57.887 /  167.972 kW (alpha=0.34463)
t= 990 min: feasible PV seed   64.659 /  124.580 kW (alpha=0.51901)
t=1020 min: feasible PV seed   58.868 /   58.868 kW (alpha=1.00000)
t=1050 min: feasible PV seed   21.386 /   21.386 kW (alpha=1.00000)
t=1080 min: feasible PV seed   35.726 /   35.726 kW (alpha=1.00000)
t=1110 min: feasible PV seed   34.880 /   34.880 kW (alpha=1.00000)
t=1140 min: feasible PV seed   14.676 /   14.676 kW (alpha=1.00000)
t=1170 min: feasible PV seed    6.557 /    6.557 kW (alpha=1.00000)
t=1200 min: feasible PV seed    1.479 /    1.479 kW (alpha=1.00000)
t=1230 min: feasible PV seed    0.514 /    0.514 kW (alpha=1.00000)
t=1260 min: feasible PV seed    0.000 /    0.000 kW (alpha=0.00000)
t=1290 min: feasible PV seed    0.000 /    0.000 kW (alpha=0.00000)
t=1320 min: feasible PV seed    0.000 /    0.000 kW (alpha=0.00000)
t=1350 min: feasible PV seed    0.000 /    0.000 kW (alpha=0.00000)
t=1380 min: feasible PV seed    0.000 /    0.000 kW (alpha=0.00000)
t=1410 min: feasible PV seed    0.000 /    0.000 kW (alpha=0.00000)
t=1440 min: feasible PV seed    0.000 /    0.000 kW (alpha=0.00000)
Saved QSTS_FEASIBLE_SEED.csv
Working results directory: C:\Users\MUNEERA\AppData\Local\Temp\F2REF_1b5if8kx\J1LOC_FIVE_STARTS_20260916_001325_739479\START_3_S3_MEDIUM_REFERENCE

FINAL MODEL LOCKS
BESS = 1000 kWh / 250 kW; S = P = 250 kVA
Central-PV Q: bidirectional
BESS Q: bidirectional per phase
Same-phase charge/discharge exclusivity: ENABLED
Objective: sum[(PV_av-PV_cmd)+1e-3*|Q_PV|] + 1e-4*sum(BESS throughput power)
Initialization: QSTS seed for C; accepted Case-C full state warm-starts D
Energy quantities are calculated after solving for reporting
Solver: IPOPT/MUMPS final production profile
Each case is executed in its own Python process by RUN_ALL_FINAL.py

SIZE POINT OVERRIDE
Energy = 1000 kWh
Power  = 250 kW
Mode   = per_phase
Objective penalty = 1e-4 (frozen)

================================================================================
RUNNING Case_D_per_phase scenario= D pv= central bess= True control_mode= per_phase size= E1000kWh_P250kW
================================================================================
Initial point: 48-interval OpenDSS QSTS feasible seed with the configured active BESS initial guess and SOC = 0.50.
Case D warm start loaded from matching Case C: 100176 values across 13 components.
Scaled same-phase exclusivity active: (P_charge/P_charge_max)*(P_discharge/P_discharge_max) <= 1e-08.

Largest initial constraint residuals:
                                  Constraint   Body  Lower  Upper  Raw_violation  Relative_violation
CentralBESS_night_only_discharge_con[1,1050] 0.0001    NaN    0.0         0.0001              0.0001
CentralBESS_night_only_discharge_con[1,1140] 0.0001    NaN    0.0         0.0001              0.0001
CentralBESS_night_only_discharge_con[2,1050] 0.0001    NaN    0.0         0.0001              0.0001
CentralBESS_night_only_discharge_con[2,1140] 0.0001    NaN    0.0         0.0001              0.0001
CentralBESS_night_only_discharge_con[3,1050] 0.0001    NaN    0.0         0.0001              0.0001
CentralBESS_night_only_discharge_con[3,1140] 0.0001    NaN    0.0         0.0001              0.0001
 CentralBESS_night_only_discharge_con[1,360] 0.0001    NaN    0.0         0.0001              0.0001
 CentralBESS_night_only_discharge_con[2,360] 0.0001    NaN    0.0         0.0001              0.0001
 CentralBESS_night_only_discharge_con[3,360] 0.0001    NaN    0.0         0.0001              0.0001
 CentralBESS_night_only_discharge_con[1,780] 0.0001    NaN    0.0         0.0001              0.0001
 CentralBESS_night_only_discharge_con[2,780] 0.0001    NaN    0.0         0.0001              0.0001
 CentralBESS_night_only_discharge_con[3,780] 0.0001    NaN    0.0         0.0001              0.0001
 CentralBESS_night_only_discharge_con[1,330] 0.0001    NaN    0.0         0.0001              0.0001
 CentralBESS_night_only_discharge_con[2,330] 0.0001    NaN    0.0         0.0001              0.0001
 CentralBESS_night_only_discharge_con[3,330] 0.0001    NaN    0.0         0.0001              0.0001
 CentralBESS_night_only_discharge_con[1,390] 0.0001    NaN    0.0         0.0001              0.0001
 CentralBESS_night_only_discharge_con[2,390] 0.0001    NaN    0.0         0.0001              0.0001
 CentralBESS_night_only_discharge_con[3,390] 0.0001    NaN    0.0         0.0001              0.0001
 CentralBESS_night_only_discharge_con[1,660] 0.0001    NaN    0.0         0.0001              0.0001
 CentralBESS_night_only_discharge_con[2,660] 0.0001    NaN    0.0         0.0001              0.0001
Initial weighted objective (raw W-sum): 141742.950658

===== ONE-STAGE WEIGHTED C/D OPTIMIZATION =====
Objective: sum curtailed PV power + 1e-3*sum|Q_PV| + 0.0001 × sum BESS throughput power
Wall-clock limit: none (solver tolerances determine acceptance)

========================================================
FINAL SHOWLEE IPOPT PRODUCTION PROFILE
========================================================
Linear solver          : MUMPS
Hessian                : limited-memory
Scaling                : gradient-based
tol                    : 1e-5
constr_viol_tol        : 1e-4
ARTIFICIAL TIME LIMIT  : NONE
========================================================

Ipopt 3.14.19: linear_solver=mumps
nlp_scaling_method=gradient-based
hessian_approximation=limited-memory
tol=1e-05
acceptable_tol=0.0001
constr_viol_tol=0.0001
acceptable_constr_viol_tol=0.001
acceptable_iter=10
max_iter=10000
mumps_mem_percent=3000
print_level=5


******************************************************************************
This program contains Ipopt, a library for large-scale nonlinear optimization.
 Ipopt is released as open source code under the Eclipse Public License (EPL).
         For more information visit https://github.com/coin-or/Ipopt
******************************************************************************

This is Ipopt version 3.14.19, running with linear solver MUMPS 5.8.2.

Number of nonzeros in equality constraint Jacobian...:  1046825
Number of nonzeros in inequality constraint Jacobian.:   364882
Number of nonzeros in Lagrangian Hessian.............:        0

Total number of variables............................:    92208
                     variables with only lower bounds:       48
                variables with lower and upper bounds:      576
                     variables with only upper bounds:        0
Total number of equality constraints.................:    91632
Total number of inequality constraints...............:    68866
        inequality constraints with only lower bounds:    22754
   inequality constraints with lower and upper bounds:        0
        inequality constraints with only upper bounds:    46112

iter    objective    inf_pr   inf_du lg(mu)  ||d||  lg(rg) alpha_du alpha_pr  ls
   0  1.4174273e+05 1.00e-02 3.20e+00   0.0 0.00e+00    -  0.00e+00 0.00e+00   0
   1  1.4177892e+05 7.27e-03 2.02e+00  -2.8 2.36e+03    -  7.87e-01 5.49e-01h  1
   2  1.3900348e+05 2.49e-01 8.38e+00  -3.5 2.83e+04    -  1.64e-02 1.38e-01f  1
   3  1.3897180e+05 2.49e-01 9.98e+01  -3.5 2.65e+04    -  1.07e-01 1.30e-03f  1
   4  1.3887294e+05 2.48e-01 2.97e+03  -3.5 3.04e+04    -  8.90e-02 3.11e-03f  1
   5  1.3887294e+05 2.48e-01 1.34e+06  -3.5 9.11e+02    -  1.27e-02 2.90e-05h  1
   6  1.3761127e+05 2.49e-01 1.29e+06  -3.6 3.76e+04    -  4.12e-02 2.48e-02f  1
   7  1.3711119e+05 2.47e-01 1.23e+06  -3.6 5.62e+04    -  4.65e-02 8.21e-03f  1
   8  1.3627116e+05 2.46e-01 1.17e+06  -3.6 6.53e+04    -  5.47e-02 1.36e-02f  1
   9  1.3528177e+05 2.44e-01 1.06e+06  -3.6 7.14e+04    -  9.94e-02 1.57e-02f  1
iter    objective    inf_pr   inf_du lg(mu)  ||d||  lg(rg) alpha_du alpha_pr  ls
  10  1.3408900e+05 2.43e-01 9.29e+05  -3.7 8.20e+04    -  1.30e-01 1.84e-02f  1
  11  1.3277126e+05 2.68e-01 7.51e+05  -3.7 1.03e+05    -  2.14e-01 2.01e-02f  1
  12  1.3127205e+05 5.03e-01 6.58e+05  -3.8 1.26e+05    -  1.46e-01 2.24e-02f  1
  13  1.2968323e+05 1.10e+00 5.72e+05  -3.9 1.24e+05    -  1.60e-01 2.38e-02f  1
  14  1.2964694e+05 1.10e+00 5.71e+05   0.4 1.14e+05    -  2.34e-03 5.75e-04f  1
  15  1.2807485e+05 2.69e+00 5.65e+05   0.1 2.10e+05    -  3.44e-03 1.50e-02f  1
  16  1.2739545e+05 3.30e+00 5.59e+05   0.6 1.46e+05    -  1.41e-02 8.43e-03f  1
  17  1.2662468e+05 4.48e+00 5.52e+05   0.8 1.27e+05    -  2.22e-02 1.06e-02f  1
  18  1.2495421e+05 9.40e+00 5.37e+05   0.8 1.18e+05    -  3.99e-02 2.47e-02f  1
  19  1.2444064e+05 9.32e+00 5.24e+05   0.7 1.35e+05    -  1.03e-01 9.30e-03f  1
iter    objective    inf_pr   inf_du lg(mu)  ||d||  lg(rg) alpha_du alpha_pr  ls
  20  1.2246846e+05 9.06e+00 5.00e+05   0.6 1.14e+05    -  1.20e-01 3.76e-02f  1
  21  1.1821805e+05 2.16e+01 4.51e+05   0.4 1.03e+05    -  2.42e-01 8.41e-02f  1
  22  1.1641878e+05 2.23e+01 4.33e+05   0.3 5.05e+04    -  4.55e-01 5.45e-02f  1
  23  1.1061792e+05 5.03e+01 3.26e+05   0.5 2.16e+04    -  3.96e-01 2.62e-01f  1
  24  1.0999446e+05 4.76e+01 3.16e+05   0.8 2.03e+05    -  1.94e-01 5.38e-02f  1
  25  1.0740250e+05 3.96e+01 2.67e+05   0.2 9.34e+03    -  5.52e-01 1.74e-01f  1
  26  1.0439801e+05 2.94e+01 2.01e+05  -0.1 1.19e+04    -  6.37e-01 2.61e-01f  1
  27  1.0164557e+05 1.83e+01 1.25e+05  -0.3 7.10e+03    -  5.02e-01 3.82e-01f  1
  28  1.0027336e+05 1.24e+01 8.31e+04  -1.7 3.63e+03    -  8.59e-01 3.28e-01f  1
  29  9.8477979e+04 3.43e+00 2.23e+04  -0.7 1.92e+03    -  9.92e-01 7.29e-01f  1
iter    objective    inf_pr   inf_du lg(mu)  ||d||  lg(rg) alpha_du alpha_pr  ls
  30  9.7868802e+04 4.82e-01 1.20e+03  -0.9 5.89e+02    -  1.00e+00 9.42e-01f  1
  31  9.7806599e+04 1.44e-01 2.18e+03  -1.8 3.53e+02    -  1.00e+00 7.52e-01f  1
  32  9.7785714e+04 2.66e-02 7.61e+02  -2.5 2.34e+02    -  1.00e+00 8.35e-01f  1
  33  9.7781912e+04 1.19e-02 1.97e+03  -3.1 4.79e+02    -  1.00e+00 6.02e-01f  1
  34  9.7781304e+04 9.35e-03 4.77e+03  -3.3 6.81e+02    -  1.00e+00 2.27e-01h  1
  35  9.7779947e+04 1.95e-03 6.49e+00  -3.0 3.33e+01    -  1.00e+00 1.00e+00h  1
  36  9.7779747e+04 4.51e-04 2.35e+00  -3.2 1.34e+01    -  1.00e+00 1.00e+00h  1
  37  9.7779534e+04 6.89e-05 8.39e-01  -4.0 6.30e+00    -  1.00e+00 1.00e+00f  1
  38  9.7779484e+04 1.88e-05 3.52e-01  -4.7 3.33e+00    -  1.00e+00 1.00e+00f  1
  39  9.7779471e+04 3.26e-07 5.59e-02  -6.0 4.13e-01    -  1.00e+00 1.00e+00f  1
iter    objective    inf_pr   inf_du lg(mu)  ||d||  lg(rg) alpha_du alpha_pr  ls
  40  9.7779470e+04 2.60e-08 5.44e-07  -7.7 9.64e-02    -  1.00e+00 1.00e+00h  1

Number of Iterations....: 40

                                   (scaled)                 (unscaled)
Objective...............:   9.7779470026604598e+04    9.7779470026604598e+04
Dual infeasibility......:   5.4379597713705152e-07    5.4379597713705152e-07
Constraint violation....:   1.1781862647504951e-08    2.6037014322355390e-08
Variable bound violation:   0.0000000000000000e+00    0.0000000000000000e+00
Complementarity.........:   2.4600720011101501e-08    2.4600720011101501e-08
Overall NLP error.......:   3.7042125613740373e-07    5.4379597713705152e-07


Number of objective function evaluations             = 41
Number of objective gradient evaluations             = 41
Number of equality constraint evaluations            = 41
Number of inequality constraint evaluations          = 41
Number of equality constraint Jacobian evaluations   = 41
Number of inequality constraint Jacobian evaluations = 41
Number of Lagrangian Hessian evaluations             = 0
Total seconds in IPOPT                               = 128.512

EXIT: Optimal Solution Found.

===== STRICT SOLVER CERTIFICATE =====
Solver status: ok
Termination condition: optimal
Solver message: Ipopt 3.14.19\x3a Optimal Solution Found
=====================================

C:\Users\MUNEERA\AppData\Local\Temp\F2REF_1b5if8kx\J1LOC_FIVE_STARTS_20260916_001325_739479\_isolated_project\_LOCATION_WORKER.py:3433: RuntimeWarning: invalid value encountered in divide
  pv_curtailment_kW / pv_available_kW,
Accepted BESS activity audit: throughput=1524.472 kWh, SOC swing=0.7625 p.u., curtailment=2.78%, objective improvement=31.0163%.
Extracting OPF results for Case_D_per_phase

===== BESS EXCLUSIVITY NUMERICAL AUDIT =====
Model limit             : 1e-08
Solved maximum product  : 1.9998769804041957e-08
Numerical excess        : 9.998769804041957e-09
Audit numerical ceiling : 1e-07
Audit result            : PASS
=============================================

Running OpenDSS validation for Case_D_per_phase
Generating to C:\Users\MUNEERA\AppData\Local\Temp\gen_py\3.11\8BFDE413-245A-4514-B151-B16DCC243796x0x1x0.py
Building definitions from type library...
Generating...
Importing module
Complete weighted-objective workbook:
C:\Users\MUNEERA\AppData\Local\Temp\F2REF_1b5if8kx\J1LOC_FIVE_STARTS_20260916_001325_739479\START_3_S3_MEDIUM_REFERENCE\Case_D_per_phase/P2_LEXICOGRAPHIC_COMPLETE_RESULTS.xlsx
Complete 3x3 dashboard:
C:\Users\MUNEERA\AppData\Local\Temp\F2REF_1b5if8kx\J1LOC_FIVE_STARTS_20260916_001325_739479\START_3_S3_MEDIUM_REFERENCE\Case_D_per_phase/P2_ONE_STAGE_WEIGHTED_SUPERVISOR_3X3.png
Saved clean P/Q command plots:
C:\Users\MUNEERA\AppData\Local\Temp\F2REF_1b5if8kx\J1LOC_FIVE_STARTS_20260916_001325_739479\START_3_S3_MEDIUM_REFERENCE\Case_D_per_phase/PLOT_02_BESS_P_command_by_phase.png
C:\Users\MUNEERA\AppData\Local\Temp\F2REF_1b5if8kx\J1LOC_FIVE_STARTS_20260916_001325_739479\START_3_S3_MEDIUM_REFERENCE\Case_D_per_phase/PLOT_03_BESS_Q_command_by_phase.png
C:\Users\MUNEERA\AppData\Local\Temp\F2REF_1b5if8kx\J1LOC_FIVE_STARTS_20260916_001325_739479\START_3_S3_MEDIUM_REFERENCE\Case_D_per_phase/PLOT_04_CONFERENCE_2x2_P_Q_SOC_commands.png

===== CASE COMPLETE =====
Case_D_per_phase
       case_name scenario_id PV_architecture  BESS_enabled      size_label control_mode  BESS_energy_kWh  BESS_power_kW  BESS_C_rate               Objective_mode solver_status termination_condition  objective_value_solver_raw_W_sum  objective_value_normalized  objective_power_base_W  objective_value  objective_value_raw_W_sum  initial_objective_raw_W_sum  objective_improvement_fraction  PV_available_energy_kWh  PV_curtailment_fraction  BESS_SOC_swing_pu  dead_BESS_rejection_guard_passed  Battery_throughput_penalty  Night_only_discharge_gate_enabled  Night_PV_to_demand_ratio_threshold  Net_injection_smoothing_penalty                                                                          Objective_equation  Time_sim_interval_minutes  Number_of_time_steps  delta_t_hours_from_time_grid  Cold_start  Warm_started_from_Case_C  Manual_initialization_in_main_script  Forced_no_discharge_time_min  PV_command_energy_kWh  PV_curtailment_energy_kWh  PV_curtailment_percent  PV_whole_horizon_curtailment_fraction_guard  PV_max_single_interval_curtailment_fraction  PV_max_single_interval_time_min  PV_curtailment_reporting_interval_h  BESS_charge_energy_kWh  BESS_discharge_energy_kWh  BESS_throughput_kWh  BESS_equivalent_full_cycles_over_horizon  BESS_cycle_limit_enabled  BESS_cycle_limit_over_horizon  BESS_cycle_limit_margin  BESS_SOC_min_observed  BESS_SOC_max_observed  BESS_DOD_observed_pu  BESS_initial_SOC  BESS_last_state_SOC  BESS_terminal_SOC_target  BESS_terminal_SOC_estimate  BESS_terminal_SOC_error  BESS_max_exclusivity_product_pu2  BESS_cross_phase_opposite_direction_interval_count  BESS_SOC_balance_max_abs_error_pu  Voltage_violation_rows_OPF_or_DSS  Max_voltage_violation_pu_OPF_or_DSS  Total_voltage_violation_pu_OPF_or_DSS  Max_OPF_network_voltage_range_pu  Max_DSS_network_voltage_range_pu  Max_OPF_VUF2_percent  Max_DSS_VUF2_percent  Max_OPF_VUF0_percent  Max_DSS_VUF0_percent  OPF_total_line_losses_kWh  Max_OPF_line_loading_percent  Max_DSS_line_loading_percent
Case_D_per_phase           D         central          True E1000kWh_P250kW    per_phase           1000.0          250.0         0.25 one_stage_weighted_power_sum            ok               optimal                      97779.470027                    0.414337           235990.308754     97779.472319               97779.472319                141742.950658                        0.310163              1750.272607                 0.027846             0.7625                              True                      0.0001                               True                            0.000001                              0.0 sum_t[(PV_available-PV_command)+1e-3*|Q_PV|] + 0.0001*sum_t(P_BESS_charge+P_BESS_discharge)                         30                    48                           0.5       False                      True                                  True                           NaN             1701.53532                  48.737289                2.784554                                     0.027846                                     0.995035                             1170                                  0.5                847.2223                 677.250054          1524.472353                                  0.762236                      True                            1.0                 0.237764               0.187058               0.949558                0.7625               0.5             0.551977                       0.5                        0.51                     0.01                      1.999877e-08                                                  14                       1.110223e-16                                 38                             0.000006                               0.000042                          0.039392                           0.03939              0.554528               0.55456              1.535064              1.535165                  34.700053                    100.000001                    100.018295
