Pyomo NL writer low-memory patch ACTIVE: variable bounds and initial values are streamed through lazy mappings.

===== BUILDING BASE OPENDSS CIRCUIT =====
Generating to C:\Users\MUNEERA\AppData\Local\Temp\gen_py\3.11\8BFDE413-245A-4514-B151-B16DCC243796x0x1x0.py
Building definitions from type library...
Generating...
Importing module
Initial OpenDSS solution converged

===== EXTRACTING NETWORK DATA =====

===== WRITING OPF DATA FILES =====

===== VOLTAGE INITIALISATION =====

===== BUILDING LOAD AND CENTRAL PV PROFILES =====
CentralBESS_sizing_mode  CentralSolar_peak_available_W  CentralSolar_available_energy_Wh_over_horizon CentralBESS_bus  CentralBESS_E_rating_Wh  CentralBESS_P_ch_max_W  CentralBESS_P_dis_max_W  CentralBESS_Q_max_var  CentralBESS_eta_ch  CentralBESS_eta_dis  CentralBESS_SOC_init  CentralBESS_SOC_min  CentralBESS_SOC_max  CentralBESS_SOC_final  CentralBESS_per_phase_power_limit_fraction  CentralBESS_per_phase_q_limit_fraction               Objective_mode  Battery_throughput_penalty  Net_injection_smoothing_penalty                                                                    Objective_equation  CentralBESS_use_binary_mode  CentralBESS_enforce_night_only_discharge  CentralBESS_night_pv_to_demand_ratio_threshold                                                                                            Main_fairness_note
           user_defined                  235990.308754                                   1.750273e+06    feeder2_1818                1000000.0                250000.0                 250000.0               250000.0                 0.9                  0.9                   0.5                  0.1                  1.0                    0.5                                    0.333333                                0.333333 one_stage_weighted_power_sum                      0.0001                              0.0 sum_t[(PV_available-PV_command)+1e-3*|Q_PV|] + 1e-4*sum_t(BESS_charge+BESS_discharge)                        False                                      True                                        0.000001 Same total BESS kW/kWh/SOC/bus/objective in balanced and per-phase cases; only phase-control freedom changes.

===== ACTIVE BESS INITIAL GUESS (INITIAL POINT ONLY) =====
Charge: 10.000 kW total at [630, 660, 690, 810]; discharge: 8.100 kW total at [1260, 1290, 1320, 1380]; terminal SOC=0.500000.
These values are NOT fixed; Knitro is free to change them.

===== BUILDING 48-INTERVAL OPENDSS QSTS FEASIBLE SEED =====
Generating to C:\Users\MUNEERA\AppData\Local\Temp\gen_py\3.11\8BFDE413-245A-4514-B151-B16DCC243796x0x1x0.py
Building definitions from type library...
Generating...
Importing module
t=  30 min: feasible PV seed    0.000 /    0.000 kW (alpha=0.00000)
t=  60 min: feasible PV seed    0.000 /    0.000 kW (alpha=0.00000)
t=  90 min: feasible PV seed    0.000 /    0.000 kW (alpha=0.00000)
t= 120 min: feasible PV seed    0.000 /    0.000 kW (alpha=0.00000)
t= 150 min: feasible PV seed    0.000 /    0.000 kW (alpha=0.00000)
t= 180 min: feasible PV seed    0.000 /    0.000 kW (alpha=0.00000)
t= 210 min: feasible PV seed    0.000 /    0.000 kW (alpha=0.00000)
t= 240 min: feasible PV seed    0.803 /    0.803 kW (alpha=1.00000)
t= 270 min: feasible PV seed    3.348 /    3.348 kW (alpha=1.00000)
t= 300 min: feasible PV seed    7.612 /    7.612 kW (alpha=1.00000)
t= 330 min: feasible PV seed   16.215 /   16.215 kW (alpha=1.00000)
t= 360 min: feasible PV seed   32.041 /   32.041 kW (alpha=1.00000)
t= 390 min: feasible PV seed   67.541 /   67.541 kW (alpha=1.00000)
t= 420 min: feasible PV seed   61.173 /   81.236 kW (alpha=0.75303)
t= 450 min: feasible PV seed   62.918 /  139.783 kW (alpha=0.45011)
t= 480 min: feasible PV seed   68.801 /  137.807 kW (alpha=0.49926)
t= 510 min: feasible PV seed   74.177 /  157.786 kW (alpha=0.47011)
t= 540 min: feasible PV seed   73.623 /  172.443 kW (alpha=0.42694)
t= 570 min: feasible PV seed   60.543 /  185.006 kW (alpha=0.32725)
t= 600 min: feasible PV seed   54.559 /  119.416 kW (alpha=0.45688)
t= 630 min: feasible PV seed   84.920 /  229.746 kW (alpha=0.36963)
t= 660 min: feasible PV seed   84.293 /  235.990 kW (alpha=0.35719)
t= 690 min: feasible PV seed   84.623 /  232.588 kW (alpha=0.36383)
t= 720 min: feasible PV seed   75.091 /  137.663 kW (alpha=0.54547)
t= 750 min: feasible PV seed   70.433 /   86.507 kW (alpha=0.81419)
t= 780 min: feasible PV seed   63.436 /   63.436 kW (alpha=1.00000)
t= 810 min: feasible PV seed   66.157 /  220.843 kW (alpha=0.29957)
t= 840 min: feasible PV seed   60.254 /  219.015 kW (alpha=0.27512)
t= 870 min: feasible PV seed   48.310 /  209.105 kW (alpha=0.23103)
t= 900 min: feasible PV seed   74.876 /  169.590 kW (alpha=0.44151)
t= 930 min: feasible PV seed   75.102 /  108.386 kW (alpha=0.69291)
t= 960 min: feasible PV seed   57.887 /  167.972 kW (alpha=0.34463)
t= 990 min: feasible PV seed   64.659 /  124.580 kW (alpha=0.51901)
t=1020 min: feasible PV seed   58.868 /   58.868 kW (alpha=1.00000)
t=1050 min: feasible PV seed   21.386 /   21.386 kW (alpha=1.00000)
t=1080 min: feasible PV seed   35.726 /   35.726 kW (alpha=1.00000)
t=1110 min: feasible PV seed   34.880 /   34.880 kW (alpha=1.00000)
t=1140 min: feasible PV seed   14.676 /   14.676 kW (alpha=1.00000)
t=1170 min: feasible PV seed    6.557 /    6.557 kW (alpha=1.00000)
t=1200 min: feasible PV seed    1.479 /    1.479 kW (alpha=1.00000)
t=1230 min: feasible PV seed    0.514 /    0.514 kW (alpha=1.00000)
t=1260 min: feasible PV seed    0.000 /    0.000 kW (alpha=0.00000)
t=1290 min: feasible PV seed    0.000 /    0.000 kW (alpha=0.00000)
t=1320 min: feasible PV seed    0.000 /    0.000 kW (alpha=0.00000)
t=1350 min: feasible PV seed    0.000 /    0.000 kW (alpha=0.00000)
t=1380 min: feasible PV seed    0.000 /    0.000 kW (alpha=0.00000)
t=1410 min: feasible PV seed    0.000 /    0.000 kW (alpha=0.00000)
t=1440 min: feasible PV seed    0.000 /    0.000 kW (alpha=0.00000)
Saved QSTS_FEASIBLE_SEED.csv
Working results directory: C:\Users\MUNEERA\AppData\Local\Temp\F2REF_1b5if8kx\J1LOC_FIVE_STARTS_20260916_001325_739479\START_3_S3_MEDIUM_REFERENCE

FINAL MODEL LOCKS
BESS = 1000 kWh / 250 kW; S = P = 250 kVA
Central-PV Q: bidirectional
BESS Q: bidirectional per phase
Same-phase charge/discharge exclusivity: ENABLED
Objective: sum[(PV_av-PV_cmd)+1e-3*|Q_PV|] + 1e-4*sum(BESS throughput power)
Initialization: QSTS seed for C; accepted Case-C full state warm-starts D
Energy quantities are calculated after solving for reporting
Solver: IPOPT/MUMPS final production profile
Each case is executed in its own Python process by RUN_ALL_FINAL.py

SIZE POINT OVERRIDE
Energy = 1000 kWh
Power  = 250 kW
Mode   = balanced
Objective penalty = 1e-4 (frozen)

================================================================================
RUNNING Case_C_balanced scenario= C pv= central bess= True control_mode= balanced size= E1000kWh_P250kW
================================================================================
Initial point: 48-interval OpenDSS QSTS feasible seed with the configured active BESS initial guess and SOC = 0.50.
Scaled same-phase exclusivity active: (P_charge/P_charge_max)*(P_discharge/P_discharge_max) <= 1e-08.

Largest initial constraint residuals:
                       Constraint      Body  Lower  Upper  Raw_violation  Relative_violation
 Idelta_im_con[feeder2_973,2,600]  3.757568    0.0    0.0       3.757568                 1.0
 Idelta_im_con[feeder2_989,2,600] -3.706915    0.0    0.0       3.706915                 1.0
Idelta_im_con[feeder2_973,2,1050] -3.120883    0.0    0.0       3.120883                 1.0
Idelta_im_con[feeder2_989,2,1050]  3.094176    0.0    0.0       3.094176                 1.0
 Idelta_im_con[feeder2_973,2,660] -2.351086    0.0    0.0       2.351086                 1.0
 Idelta_im_con[feeder2_989,2,660]  2.325706    0.0    0.0       2.325706                 1.0
Idelta_im_con[feeder2_973,2,1230] -1.869195    0.0    0.0       1.869195                 1.0
Idelta_im_con[feeder2_989,2,1230]  1.844650    0.0    0.0       1.844650                 1.0
 Idelta_im_con[feeder2_973,2,960] -1.798285    0.0    0.0       1.798285                 1.0
 Idelta_im_con[feeder2_989,2,960]  1.794397    0.0    0.0       1.794397                 1.0
Idelta_im_con[feeder2_989,2,1020] -1.789971    0.0    0.0       1.789971                 1.0
 Idelta_im_con[feeder2_973,3,600] -1.781523    0.0    0.0       1.781523                 1.0
Idelta_im_con[feeder2_973,2,1020]  1.773804    0.0    0.0       1.773804                 1.0
 Idelta_im_con[feeder2_989,3,600]  1.767798    0.0    0.0       1.767798                 1.0
Idelta_im_con[feeder2_973,2,1110]  1.696384    0.0    0.0       1.696384                 1.0
Idelta_im_con[feeder2_989,2,1110] -1.679449    0.0    0.0       1.679449                 1.0
 Idelta_im_con[feeder2_973,2,930]  1.639105    0.0    0.0       1.639105                 1.0
 Idelta_im_con[feeder2_989,1,990]  1.623630    0.0    0.0       1.623630                 1.0
 Idelta_im_con[feeder2_973,1,990] -1.622113    0.0    0.0       1.622113                 1.0
 Idelta_im_con[feeder2_989,2,930] -1.613359    0.0    0.0       1.613359                 1.0
Initial weighted objective (raw W-sum): 1833071.237584

===== ONE-STAGE WEIGHTED C/D OPTIMIZATION =====
Objective: sum curtailed PV power + 1e-3*sum|Q_PV| + 0.0001 × sum BESS throughput power
Wall-clock limit: none (solver tolerances determine acceptance)

========================================================
FINAL SHOWLEE IPOPT PRODUCTION PROFILE
========================================================
Linear solver          : MUMPS
Hessian                : limited-memory
Scaling                : gradient-based
tol                    : 1e-5
constr_viol_tol        : 1e-4
ARTIFICIAL TIME LIMIT  : NONE
========================================================

Ipopt 3.14.19: linear_solver=mumps
nlp_scaling_method=gradient-based
hessian_approximation=limited-memory
tol=1e-05
acceptable_tol=0.0001
constr_viol_tol=0.0001
acceptable_constr_viol_tol=0.001
acceptable_iter=10
max_iter=10000
mumps_mem_percent=3000
print_level=5


******************************************************************************
This program contains Ipopt, a library for large-scale nonlinear optimization.
 Ipopt is released as open source code under the Eclipse Public License (EPL).
         For more information visit https://github.com/coin-or/Ipopt
******************************************************************************

This is Ipopt version 3.14.19, running with linear solver MUMPS 5.8.2.

Number of nonzeros in equality constraint Jacobian...:  1047401
Number of nonzeros in inequality constraint Jacobian.:   364882
Number of nonzeros in Lagrangian Hessian.............:        0

Total number of variables............................:    92208
                     variables with only lower bounds:       48
                variables with lower and upper bounds:      576
                     variables with only upper bounds:        0
Total number of equality constraints.................:    91920
Total number of inequality constraints...............:    68866
        inequality constraints with only lower bounds:    22754
   inequality constraints with lower and upper bounds:        0
        inequality constraints with only upper bounds:    46112

iter    objective    inf_pr   inf_du lg(mu)  ||d||  lg(rg) alpha_du alpha_pr  ls
   0  1.8330711e+06 3.76e+00 3.20e+00   0.0 0.00e+00    -  0.00e+00 0.00e+00   0
   1  1.8330857e+06 1.28e+00 2.21e+00  -2.8 6.72e+02    -  7.88e-01 6.59e-01h  1
   2  1.8302624e+06 1.28e+00 1.29e+02  -3.4 5.66e+04    -  4.73e-01 3.39e-03f  1
   3  1.8239264e+06 1.27e+00 5.31e+03  -3.7 2.74e+05    -  1.49e-01 3.32e-03f  1
   4  1.8079605e+06 1.26e+00 5.56e+03  -3.8 2.49e+05    -  1.78e-02 8.73e-03f  1
   5  1.7942689e+06 1.25e+00 5.78e+03  -3.8 2.41e+05    -  1.58e-02 7.89e-03f  1
   6  1.7922874e+06 1.25e+00 6.02e+03  -3.8 2.03e+05    -  9.17e-03 1.21e-03f  1
   7  1.7835404e+06 1.42e+00 5.91e+03  -3.8 1.83e+05    -  3.02e-03 5.49e-03f  1
   8  1.7768926e+06 1.58e+00 5.94e+03   0.3 2.86e+05    -  3.66e-06 3.78e-03f  1
   9  1.7707759e+06 1.73e+00 5.91e+03   0.1 2.65e+05    -  7.69e-03 3.61e-03f  1
iter    objective    inf_pr   inf_du lg(mu)  ||d||  lg(rg) alpha_du alpha_pr  ls
  10  1.7421088e+06 5.01e+00 5.86e+03   0.1 2.75e+05    -  1.80e-03 1.69e-02f  1
  11  1.7392798e+06 5.04e+00 5.67e+03   1.6 3.85e+05    -  9.70e-03 1.71e-03f  1
  12  1.7383464e+06 5.04e+00 1.97e+04  -3.8 2.44e+05    -  1.73e-02 6.65e-04f  1
  13  1.7215969e+06 6.56e+00 4.22e+04   0.3 2.77e+05    -  3.16e-02 1.19e-02f  1
  14  1.7121597e+06 7.05e+00 6.01e+04   0.6 3.44e+05    -  2.62e-02 7.04e-03f  1
  15  1.7014465e+06 7.76e+00 6.73e+04  -3.8 4.00e+05    -  1.83e-02 8.51e-03f  1
  16  1.6884673e+06 8.77e+00 1.01e+05   0.9 5.02e+05    -  5.58e-02 1.02e-02f  1
  17  1.6653545e+06 1.22e+01 9.83e+04   0.3 6.20e+05    -  1.56e-02 1.93e-02f  1
  18  1.6560607e+06 1.25e+01 9.76e+04   0.6 7.59e+05    -  8.08e-03 7.29e-03f  1
  19  1.6452482e+06 1.26e+01 9.69e+04   1.5 1.14e+06    -  7.42e-03 7.26e-03f  1
iter    objective    inf_pr   inf_du lg(mu)  ||d||  lg(rg) alpha_du alpha_pr  ls
  20  1.6268154e+06 3.38e+01 9.01e+04   2.1 1.22e+06    -  1.34e-03 1.62e-02f  1
  21  1.6155796e+06 3.39e+01 9.40e+04   1.5 9.84e+05    -  4.51e-02 9.92e-03f  1
  22  1.5927885e+06 3.42e+01 9.39e+04   1.5 1.04e+06    -  3.90e-02 2.05e-02f  1
  23  1.5171564e+06 3.39e+01 8.56e+04   1.2 1.12e+06    -  9.67e-03 5.96e-02f  1
  24  1.4290411e+06 3.91e+01 7.77e+04   1.5 1.26e+06    -  5.10e-02 6.87e-02f  1
  25  1.3551963e+06 4.33e+01 7.00e+04   1.7 1.40e+06    -  4.52e-02 5.95e-02f  1
  26  1.2318005e+06 5.73e+01 5.45e+04   1.5 1.51e+06    -  1.01e-02 8.08e-02f  1
  27  9.1030708e+05 1.09e+02 3.46e+04   1.2 1.39e+06    -  5.61e-02 2.13e-01f  1
  28  8.6179768e+05 1.05e+02 3.38e+04   1.3 1.08e+06    -  7.61e-02 4.21e-02f  1
  29  8.2039557e+05 1.02e+02 4.91e+04   0.8 9.43e+05    -  2.18e-01 3.70e-02f  1
iter    objective    inf_pr   inf_du lg(mu)  ||d||  lg(rg) alpha_du alpha_pr  ls
  30  4.1403160e+05 1.90e+02 2.27e+04   1.0 8.78e+05    -  3.48e-01 4.06e-01f  1
  31  3.6363344e+05 1.76e+02 6.05e+04  -4.2 3.13e+05    -  3.24e-01 1.09e-01f  1
  32  3.3676040e+05 1.63e+02 1.84e+05   1.2 2.08e+05    -  2.77e-01 1.07e-01f  1
  33  3.3191062e+05 1.60e+02 3.16e+05  -4.5 9.31e+04    -  2.36e-01 2.02e-02f  1
  34  3.2744434e+05 1.56e+02 3.25e+05   0.8 1.02e+05    -  4.89e-02 2.56e-02f  1
  35  3.1289697e+05 1.47e+02 2.84e+05  -0.5 1.89e+05    -  8.86e-03 6.65e-02f  1
  36  3.0449980e+05 1.41e+02 2.72e+05  -0.1 2.29e+05    -  3.25e-02 3.96e-02f  1
  37  2.7848695e+05 1.20e+02 2.28e+05   1.4 3.00e+05    -  8.17e-02 1.50e-01f  1
  38  2.4658284e+05 9.86e+01 1.87e+05   1.1 2.53e+05    -  1.74e-01 1.83e-01f  1
  39  2.0838152e+05 7.14e+01 1.30e+05   1.1 1.95e+05    -  5.28e-01 2.79e-01f  1
iter    objective    inf_pr   inf_du lg(mu)  ||d||  lg(rg) alpha_du alpha_pr  ls
  40  1.8837903e+05 5.66e+01 1.02e+05   1.2 1.38e+05    -  4.18e-01 2.57e-01f  1
  41  1.7714832e+05 4.98e+01 8.18e+04   0.7 7.43e+04    -  5.15e-01 1.36e-01f  1
  42  1.6573788e+05 4.23e+01 6.53e+04   0.4 5.28e+04    -  6.18e-01 1.62e-01f  1
  43  1.4349209e+05 4.36e+01 5.88e+04   0.4 5.14e+04    -  9.89e-01 4.10e-01f  1
  44  1.3558054e+05 4.52e+01 3.66e+04   0.7 3.26e+04    -  3.24e-01 3.39e-01f  1
  45  1.3546157e+05 4.46e+01 7.05e+05   0.8 2.75e+04    -  1.00e+00 1.25e-02h  1
  46  1.3255077e+05 4.92e+01 7.90e+05   0.4 2.69e+04    -  9.61e-01 2.28e-01f  1
  47  1.4326068e+05 7.09e+01 3.08e+05   1.3 4.31e+04    -  3.01e-01 5.57e-01h  1
  48  1.4128266e+05 3.09e+01 3.49e+05   0.9 1.23e+04    -  3.61e-01 6.96e-01h  1
  49  1.4135434e+05 2.03e+01 1.61e+05   0.3 1.57e+04    -  7.64e-01 3.59e-01h  1
iter    objective    inf_pr   inf_du lg(mu)  ||d||  lg(rg) alpha_du alpha_pr  ls
  50  1.4137298e+05 9.48e+00 3.80e+05   0.1 1.35e+04    -  1.00e+00 5.73e-01h  1
  51  1.4148477e+05 5.12e+00 4.42e+05  -0.5 9.30e+03    -  1.00e+00 4.65e-01h  1
  52  1.4168169e+05 1.60e+00 1.29e+05  -1.4 5.89e+03    -  1.00e+00 7.29e-01h  1
  53  1.4174243e+05 6.41e-01 4.06e+04  -2.3 1.77e+03    -  1.00e+00 5.99e-01h  1
  54  1.4177540e+05 2.38e-01 2.21e+05  -3.3 6.82e+02    -  1.00e+00 6.31e-01h  1
  55  1.4178270e+05 9.66e-02 1.52e+05  -1.9 1.14e+03    -  1.00e+00 7.65e-01h  1
  56  1.4180165e+05 7.76e-02 1.98e+05  -0.8 1.80e+03    -  8.35e-01 8.53e-01f  1
  57  1.4178540e+05 8.11e-02 6.70e+05  -1.0 4.97e+03    -  5.35e-01 2.63e-01f  1
  58  1.4178394e+05 6.52e-02 2.66e+05  -1.0 3.17e+02    -  8.27e-01 1.00e+00h  1
  59  1.4176796e+05 2.28e-02 3.01e+06  -1.7 7.42e+02    -  1.00e+00 6.51e-01f  1
iter    objective    inf_pr   inf_du lg(mu)  ||d||  lg(rg) alpha_du alpha_pr  ls
  60  1.4175972e+05 2.05e-02 2.52e+06  -2.4 2.07e+03    -  1.00e+00 4.33e-01f  1
  61  1.4175770e+05 3.52e-02 8.91e+05  -1.3 6.83e+03    -  4.49e-01 1.26e-01f  1
  62  1.4175390e+05 6.97e-02 5.91e+05  -1.6 4.19e+03    -  3.46e-01 3.35e-01f  1
  63  1.4175319e+05 6.70e-02 1.53e+06  -7.6 2.26e+03    -  4.73e-01 4.27e-02f  1
  64  1.4174925e+05 5.31e-02 1.70e+06  -2.5 1.89e+03    -  1.00e+00 3.14e-01f  1
  65  1.4174804e+05 4.75e-02 1.18e+06  -1.9 2.42e+03    -  4.38e-01 1.05e-01f  1
  66  1.4175023e+05 1.43e-02 5.54e+05  -1.8 6.76e+02    -  4.93e-01 7.10e-01h  1
  67  1.4174831e+05 8.22e-03 8.44e+05  -2.6 6.42e+02    -  1.00e+00 4.45e-01f  1
  68  1.4174824e+05 5.65e-03 1.95e+04  -1.9 2.03e+03    -  9.41e-01 4.35e-01f  1
  69  1.4174540e+05 1.11e-02 5.31e+05  -2.7 8.53e+03    -  1.00e+00 4.23e-01f  1
iter    objective    inf_pr   inf_du lg(mu)  ||d||  lg(rg) alpha_du alpha_pr  ls
  70  1.4174522e+05 1.05e-02 3.31e+05  -2.4 5.51e+02    -  1.00e+00 6.54e-02f  1
  71  1.4174474e+05 6.50e-03 2.49e+05  -2.5 5.29e+01    -  9.76e-01 3.87e-01f  1
  72  1.4174378e+05 4.11e-03 2.67e+05  -3.1 5.88e+01    -  9.99e-01 4.57e-01f  1
  73  1.4174315e+05 1.85e-03 1.22e+05  -3.7 4.29e+01    -  1.00e+00 6.19e-01f  1
  74  1.4174309e+05 1.43e-03 1.05e+05  -4.3 5.47e+01    -  1.00e+00 2.31e-01h  1
  75  1.4174299e+05 4.68e-04 3.30e+04  -4.3 1.65e+01    -  1.00e+00 6.83e-01h  1
  76  1.4174296e+05 1.15e-04 7.90e+03  -5.0 4.71e+00    -  1.00e+00 7.86e-01h  1
  77  1.4174295e+05 2.18e-05 1.64e+03  -6.5 1.24e+00    -  1.00e+00 8.17e-01h  1
  78  1.4174295e+05 1.57e-06 1.44e+02  -8.1 2.88e-01    -  1.00e+00 9.30e-01h  1
  79  1.4174295e+05 2.99e-08 4.37e-05  -8.0 2.32e-02    -  1.00e+00 9.90e-01h  1

Number of Iterations....: 79

                                   (scaled)                 (unscaled)
Objective...............:   1.4174295065800834e+05    1.4174295065800834e+05
Dual infeasibility......:   4.3681919031668527e-05    4.3681919031668527e-05
Constraint violation....:   7.4021435745772790e-09    2.9945908806596064e-08
Variable bound violation:   3.5269137202464678e-16    3.5269137202464678e-16
Complementarity.........:   4.5788294931601141e-08    4.5788294931601141e-08
Overall NLP error.......:   6.3891907034344784e-06    4.3681919031668527e-05


Number of objective function evaluations             = 80
Number of objective gradient evaluations             = 80
Number of equality constraint evaluations            = 80
Number of inequality constraint evaluations          = 80
Number of equality constraint Jacobian evaluations   = 80
Number of inequality constraint Jacobian evaluations = 80
Number of Lagrangian Hessian evaluations             = 0
Total seconds in IPOPT                               = 258.021

EXIT: Optimal Solution Found.

===== STRICT SOLVER CERTIFICATE =====
Solver status: ok
Termination condition: optimal
Solver message: Ipopt 3.14.19\x3a Optimal Solution Found
=====================================

C:\Users\MUNEERA\AppData\Local\Temp\F2REF_1b5if8kx\J1LOC_FIVE_STARTS_20260916_001325_739479\_isolated_project\_LOCATION_WORKER.py:3433: RuntimeWarning: divide by zero encountered in divide
  pv_curtailment_kW / pv_available_kW,
Accepted BESS activity audit: throughput=1567.375 kWh, SOC swing=0.7838 p.u., curtailment=4.04%, objective improvement=92.2675%.
Saved accepted Case-C full-state warm start for Case D: 100176 values.
Extracting OPF results for Case_C_balanced

===== BESS EXCLUSIVITY NUMERICAL AUDIT =====
Model limit             : 1e-08
Solved maximum product  : 1.999994307479236e-08
Numerical excess        : 9.99994307479236e-09
Audit numerical ceiling : 1e-07
Audit result            : PASS
=============================================

Running OpenDSS validation for Case_C_balanced
Generating to C:\Users\MUNEERA\AppData\Local\Temp\gen_py\3.11\8BFDE413-245A-4514-B151-B16DCC243796x0x1x0.py
Building definitions from type library...
Generating...
Importing module
Complete weighted-objective workbook:
C:\Users\MUNEERA\AppData\Local\Temp\F2REF_1b5if8kx\J1LOC_FIVE_STARTS_20260916_001325_739479\START_3_S3_MEDIUM_REFERENCE\Case_C_balanced/P2_LEXICOGRAPHIC_COMPLETE_RESULTS.xlsx
Complete 3x3 dashboard:
C:\Users\MUNEERA\AppData\Local\Temp\F2REF_1b5if8kx\J1LOC_FIVE_STARTS_20260916_001325_739479\START_3_S3_MEDIUM_REFERENCE\Case_C_balanced/P2_ONE_STAGE_WEIGHTED_SUPERVISOR_3X3.png
Saved clean P/Q command plots:
C:\Users\MUNEERA\AppData\Local\Temp\F2REF_1b5if8kx\J1LOC_FIVE_STARTS_20260916_001325_739479\START_3_S3_MEDIUM_REFERENCE\Case_C_balanced/PLOT_02_BESS_P_command_by_phase.png
C:\Users\MUNEERA\AppData\Local\Temp\F2REF_1b5if8kx\J1LOC_FIVE_STARTS_20260916_001325_739479\START_3_S3_MEDIUM_REFERENCE\Case_C_balanced/PLOT_03_BESS_Q_command_by_phase.png
C:\Users\MUNEERA\AppData\Local\Temp\F2REF_1b5if8kx\J1LOC_FIVE_STARTS_20260916_001325_739479\START_3_S3_MEDIUM_REFERENCE\Case_C_balanced/PLOT_04_CONFERENCE_2x2_P_Q_SOC_commands.png

===== CASE COMPLETE =====
Case_C_balanced
      case_name scenario_id PV_architecture  BESS_enabled      size_label control_mode  BESS_energy_kWh  BESS_power_kW  BESS_C_rate               Objective_mode solver_status termination_condition  objective_value_solver_raw_W_sum  objective_value_normalized  objective_power_base_W  objective_value  objective_value_raw_W_sum  initial_objective_raw_W_sum  objective_improvement_fraction  PV_available_energy_kWh  PV_curtailment_fraction  BESS_SOC_swing_pu  dead_BESS_rejection_guard_passed  Battery_throughput_penalty  Night_only_discharge_gate_enabled  Night_PV_to_demand_ratio_threshold  Net_injection_smoothing_penalty                                                                          Objective_equation  Time_sim_interval_minutes  Number_of_time_steps  delta_t_hours_from_time_grid  Cold_start  Warm_started_from_Case_C  Manual_initialization_in_main_script  Forced_no_discharge_time_min  PV_command_energy_kWh  PV_curtailment_energy_kWh  PV_curtailment_percent  PV_whole_horizon_curtailment_fraction_guard  PV_max_single_interval_curtailment_fraction  PV_max_single_interval_time_min  PV_curtailment_reporting_interval_h  BESS_charge_energy_kWh  BESS_discharge_energy_kWh  BESS_throughput_kWh  BESS_equivalent_full_cycles_over_horizon  BESS_cycle_limit_enabled  BESS_cycle_limit_over_horizon  BESS_cycle_limit_margin  BESS_SOC_min_observed  BESS_SOC_max_observed  BESS_DOD_observed_pu  BESS_initial_SOC  BESS_last_state_SOC  BESS_terminal_SOC_target  BESS_terminal_SOC_estimate  BESS_terminal_SOC_error  BESS_max_exclusivity_product_pu2  BESS_cross_phase_opposite_direction_interval_count  BESS_SOC_balance_max_abs_error_pu  Voltage_violation_rows_OPF_or_DSS  Max_voltage_violation_pu_OPF_or_DSS  Total_voltage_violation_pu_OPF_or_DSS  Max_OPF_network_voltage_range_pu  Max_DSS_network_voltage_range_pu  Max_OPF_VUF2_percent  Max_DSS_VUF2_percent  Max_OPF_VUF0_percent  Max_DSS_VUF0_percent  OPF_total_line_losses_kWh  Max_OPF_line_loading_percent  Max_DSS_line_loading_percent
Case_C_balanced           C         central          True E1000kWh_P250kW     balanced           1000.0          250.0         0.25 one_stage_weighted_power_sum            ok               optimal                     141742.950658                     0.60063           235990.308754    141742.951053              141742.951053                 1.833071e+06                        0.922675              1750.272607                 0.040402           0.783832                              True                      0.0001                               True                            0.000001                              0.0 sum_t[(PV_available-PV_command)+1e-3*|Q_PV|] + 0.0001*sum_t(P_BESS_charge+P_BESS_discharge)                         30                    48                           0.5        True                     False                                  True                           NaN             1679.55787                  70.714738                4.040213                                     0.040402                                          1.0                             1050                                  0.5              870.925438                 696.449595          1567.375033                                  0.783688                      True                            1.0                 0.216312               0.189593               0.973425              0.783832               0.5             0.551644                       0.5                        0.51                     0.01                      1.999994e-08                                                  36                       1.749711e-13                                 25                             0.000012                               0.000034                          0.044494                           0.04449              0.439966              0.439976              1.694801              1.694701                  34.573268                    100.000001                      100.0166
