Pyomo NL writer low-memory patch ACTIVE: variable bounds and initial values are streamed through lazy mappings.

===== BUILDING BASE OPENDSS CIRCUIT =====
Generating to C:\Users\MUNEERA\AppData\Local\Temp\gen_py\3.11\8BFDE413-245A-4514-B151-B16DCC243796x0x1x0.py
Building definitions from type library...
Generating...
Importing module
Initial OpenDSS solution converged

===== EXTRACTING NETWORK DATA =====

===== WRITING OPF DATA FILES =====

===== VOLTAGE INITIALISATION =====

===== BUILDING LOAD AND CENTRAL PV PROFILES =====
CentralBESS_sizing_mode  CentralSolar_peak_available_W  CentralSolar_available_energy_Wh_over_horizon CentralBESS_bus  CentralBESS_E_rating_Wh  CentralBESS_P_ch_max_W  CentralBESS_P_dis_max_W  CentralBESS_Q_max_var  CentralBESS_eta_ch  CentralBESS_eta_dis  CentralBESS_SOC_init  CentralBESS_SOC_min  CentralBESS_SOC_max  CentralBESS_SOC_final  CentralBESS_per_phase_power_limit_fraction  CentralBESS_per_phase_q_limit_fraction               Objective_mode  Battery_throughput_penalty  Net_injection_smoothing_penalty                                                                    Objective_equation  CentralBESS_use_binary_mode  CentralBESS_enforce_night_only_discharge  CentralBESS_night_pv_to_demand_ratio_threshold                                                                                            Main_fairness_note
           user_defined                  235990.308754                                   1.750273e+06    feeder2_1818                1000000.0                250000.0                 250000.0               250000.0                 0.9                  0.9                   0.5                  0.1                  1.0                    0.5                                    0.333333                                0.333333 one_stage_weighted_power_sum                      0.0001                              0.0 sum_t[(PV_available-PV_command)+1e-3*|Q_PV|] + 1e-4*sum_t(BESS_charge+BESS_discharge)                        False                                      True                                        0.000001 Same total BESS kW/kWh/SOC/bus/objective in balanced and per-phase cases; only phase-control freedom changes.

===== ACTIVE BESS INITIAL GUESS (INITIAL POINT ONLY) =====
Charge: 5.000 kW total at [660, 690]; discharge: 4.050 kW total at [1290, 1320]; terminal SOC=0.500000.
These values are NOT fixed; Knitro is free to change them.

===== BUILDING 48-INTERVAL OPENDSS QSTS FEASIBLE SEED =====
Generating to C:\Users\MUNEERA\AppData\Local\Temp\gen_py\3.11\8BFDE413-245A-4514-B151-B16DCC243796x0x1x0.py
Building definitions from type library...
Generating...
Importing module
t=  30 min: feasible PV seed    0.000 /    0.000 kW (alpha=0.00000)
t=  60 min: feasible PV seed    0.000 /    0.000 kW (alpha=0.00000)
t=  90 min: feasible PV seed    0.000 /    0.000 kW (alpha=0.00000)
t= 120 min: feasible PV seed    0.000 /    0.000 kW (alpha=0.00000)
t= 150 min: feasible PV seed    0.000 /    0.000 kW (alpha=0.00000)
t= 180 min: feasible PV seed    0.000 /    0.000 kW (alpha=0.00000)
t= 210 min: feasible PV seed    0.000 /    0.000 kW (alpha=0.00000)
t= 240 min: feasible PV seed    0.803 /    0.803 kW (alpha=1.00000)
t= 270 min: feasible PV seed    3.348 /    3.348 kW (alpha=1.00000)
t= 300 min: feasible PV seed    7.612 /    7.612 kW (alpha=1.00000)
t= 330 min: feasible PV seed   16.215 /   16.215 kW (alpha=1.00000)
t= 360 min: feasible PV seed   32.041 /   32.041 kW (alpha=1.00000)
t= 390 min: feasible PV seed   67.541 /   67.541 kW (alpha=1.00000)
t= 420 min: feasible PV seed   61.173 /   81.236 kW (alpha=0.75303)
t= 450 min: feasible PV seed   62.918 /  139.783 kW (alpha=0.45011)
t= 480 min: feasible PV seed   68.801 /  137.807 kW (alpha=0.49926)
t= 510 min: feasible PV seed   74.177 /  157.786 kW (alpha=0.47011)
t= 540 min: feasible PV seed   73.623 /  172.443 kW (alpha=0.42694)
t= 570 min: feasible PV seed   60.543 /  185.006 kW (alpha=0.32725)
t= 600 min: feasible PV seed   54.559 /  119.416 kW (alpha=0.45688)
t= 630 min: feasible PV seed   74.932 /  229.746 kW (alpha=0.32615)
t= 660 min: feasible PV seed   79.299 /  235.990 kW (alpha=0.33603)
t= 690 min: feasible PV seed   79.631 /  232.588 kW (alpha=0.34237)
t= 720 min: feasible PV seed   75.091 /  137.663 kW (alpha=0.54547)
t= 750 min: feasible PV seed   70.433 /   86.507 kW (alpha=0.81419)
t= 780 min: feasible PV seed   63.436 /   63.436 kW (alpha=1.00000)
t= 810 min: feasible PV seed   56.165 /  220.843 kW (alpha=0.25432)
t= 840 min: feasible PV seed   60.254 /  219.015 kW (alpha=0.27512)
t= 870 min: feasible PV seed   48.310 /  209.105 kW (alpha=0.23103)
t= 900 min: feasible PV seed   74.876 /  169.590 kW (alpha=0.44151)
t= 930 min: feasible PV seed   75.102 /  108.386 kW (alpha=0.69291)
t= 960 min: feasible PV seed   57.887 /  167.972 kW (alpha=0.34463)
t= 990 min: feasible PV seed   64.659 /  124.580 kW (alpha=0.51901)
t=1020 min: feasible PV seed   58.868 /   58.868 kW (alpha=1.00000)
t=1050 min: feasible PV seed   21.386 /   21.386 kW (alpha=1.00000)
t=1080 min: feasible PV seed   35.726 /   35.726 kW (alpha=1.00000)
t=1110 min: feasible PV seed   34.880 /   34.880 kW (alpha=1.00000)
t=1140 min: feasible PV seed   14.676 /   14.676 kW (alpha=1.00000)
t=1170 min: feasible PV seed    6.557 /    6.557 kW (alpha=1.00000)
t=1200 min: feasible PV seed    1.479 /    1.479 kW (alpha=1.00000)
t=1230 min: feasible PV seed    0.514 /    0.514 kW (alpha=1.00000)
t=1260 min: feasible PV seed    0.000 /    0.000 kW (alpha=0.00000)
t=1290 min: feasible PV seed    0.000 /    0.000 kW (alpha=0.00000)
t=1320 min: feasible PV seed    0.000 /    0.000 kW (alpha=0.00000)
t=1350 min: feasible PV seed    0.000 /    0.000 kW (alpha=0.00000)
t=1380 min: feasible PV seed    0.000 /    0.000 kW (alpha=0.00000)
t=1410 min: feasible PV seed    0.000 /    0.000 kW (alpha=0.00000)
t=1440 min: feasible PV seed    0.000 /    0.000 kW (alpha=0.00000)
Saved QSTS_FEASIBLE_SEED.csv
Working results directory: C:\Users\MUNEERA\AppData\Local\Temp\F2REF_1b5if8kx\J1LOC_FIVE_STARTS_20260916_001325_739479\START_2_S2_LIGHT_REFERENCE

FINAL MODEL LOCKS
BESS = 1000 kWh / 250 kW; S = P = 250 kVA
Central-PV Q: bidirectional
BESS Q: bidirectional per phase
Same-phase charge/discharge exclusivity: ENABLED
Objective: sum[(PV_av-PV_cmd)+1e-3*|Q_PV|] + 1e-4*sum(BESS throughput power)
Initialization: QSTS seed for C; accepted Case-C full state warm-starts D
Energy quantities are calculated after solving for reporting
Solver: IPOPT/MUMPS final production profile
Each case is executed in its own Python process by RUN_ALL_FINAL.py

SIZE POINT OVERRIDE
Energy = 1000 kWh
Power  = 250 kW
Mode   = balanced
Objective penalty = 1e-4 (frozen)

================================================================================
RUNNING Case_C_balanced scenario= C pv= central bess= True control_mode= balanced size= E1000kWh_P250kW
================================================================================
Initial point: 48-interval OpenDSS QSTS feasible seed with the configured active BESS initial guess and SOC = 0.50.
Scaled same-phase exclusivity active: (P_charge/P_charge_max)*(P_discharge/P_discharge_max) <= 1e-08.

Largest initial constraint residuals:
                       Constraint      Body  Lower  Upper  Raw_violation  Relative_violation
 Idelta_im_con[feeder2_973,2,600]  3.757568    0.0    0.0       3.757568                 1.0
 Idelta_im_con[feeder2_989,2,600] -3.706915    0.0    0.0       3.706915                 1.0
Idelta_im_con[feeder2_973,2,1050] -3.120883    0.0    0.0       3.120883                 1.0
Idelta_im_con[feeder2_989,2,1050]  3.094176    0.0    0.0       3.094176                 1.0
 Idelta_im_con[feeder2_973,2,660]  2.059715    0.0    0.0       2.059715                 1.0
Idelta_im_con[feeder2_973,2,1320]  2.041376    0.0    0.0       2.041376                 1.0
Idelta_im_con[feeder2_989,2,1320] -2.017347    0.0    0.0       2.017347                 1.0
 Idelta_im_con[feeder2_989,2,660] -1.998265    0.0    0.0       1.998265                 1.0
Idelta_im_con[feeder2_973,2,1230] -1.869195    0.0    0.0       1.869195                 1.0
Idelta_im_con[feeder2_989,2,1230]  1.844650    0.0    0.0       1.844650                 1.0
 Idelta_im_con[feeder2_973,2,960] -1.798285    0.0    0.0       1.798285                 1.0
 Idelta_im_con[feeder2_989,2,960]  1.794397    0.0    0.0       1.794397                 1.0
Idelta_im_con[feeder2_989,2,1020] -1.789971    0.0    0.0       1.789971                 1.0
 Idelta_im_con[feeder2_973,3,600] -1.781523    0.0    0.0       1.781523                 1.0
Idelta_im_con[feeder2_973,2,1020]  1.773804    0.0    0.0       1.773804                 1.0
 Idelta_im_con[feeder2_989,3,600]  1.767798    0.0    0.0       1.767798                 1.0
Idelta_im_con[feeder2_973,2,1110]  1.696384    0.0    0.0       1.696384                 1.0
Idelta_im_con[feeder2_989,2,1110] -1.679449    0.0    0.0       1.679449                 1.0
 Idelta_im_con[feeder2_973,2,930]  1.639105    0.0    0.0       1.639105                 1.0
 Idelta_im_con[feeder2_989,1,990]  1.623630    0.0    0.0       1.623630                 1.0
Initial weighted objective (raw W-sum): 1863030.568825

===== ONE-STAGE WEIGHTED C/D OPTIMIZATION =====
Objective: sum curtailed PV power + 1e-3*sum|Q_PV| + 0.0001 × sum BESS throughput power
Wall-clock limit: none (solver tolerances determine acceptance)

========================================================
FINAL SHOWLEE IPOPT PRODUCTION PROFILE
========================================================
Linear solver          : MUMPS
Hessian                : limited-memory
Scaling                : gradient-based
tol                    : 1e-5
constr_viol_tol        : 1e-4
ARTIFICIAL TIME LIMIT  : NONE
========================================================

Ipopt 3.14.19: linear_solver=mumps
nlp_scaling_method=gradient-based
hessian_approximation=limited-memory
tol=1e-05
acceptable_tol=0.0001
constr_viol_tol=0.0001
acceptable_constr_viol_tol=0.001
acceptable_iter=10
max_iter=10000
mumps_mem_percent=3000
print_level=5


******************************************************************************
This program contains Ipopt, a library for large-scale nonlinear optimization.
 Ipopt is released as open source code under the Eclipse Public License (EPL).
         For more information visit https://github.com/coin-or/Ipopt
******************************************************************************

This is Ipopt version 3.14.19, running with linear solver MUMPS 5.8.2.

Number of nonzeros in equality constraint Jacobian...:  1047401
Number of nonzeros in inequality constraint Jacobian.:   364882
Number of nonzeros in Lagrangian Hessian.............:        0

Total number of variables............................:    92208
                     variables with only lower bounds:       48
                variables with lower and upper bounds:      576
                     variables with only upper bounds:        0
Total number of equality constraints.................:    91920
Total number of inequality constraints...............:    68866
        inequality constraints with only lower bounds:    22754
   inequality constraints with lower and upper bounds:        0
        inequality constraints with only upper bounds:    46112

iter    objective    inf_pr   inf_du lg(mu)  ||d||  lg(rg) alpha_du alpha_pr  ls
   0  1.8630304e+06 3.76e+00 3.20e+00   0.0 0.00e+00    -  0.00e+00 0.00e+00   0
   1  1.8630450e+06 1.28e+00 2.21e+00  -2.8 6.72e+02    -  7.88e-01 6.59e-01h  1
   2  1.8603158e+06 1.28e+00 1.37e+02  -3.4 5.50e+04    -  4.80e-01 3.35e-03f  1
   3  1.8539933e+06 1.27e+00 5.52e+03  -3.7 2.77e+05    -  1.47e-01 3.33e-03f  1
   4  1.8390288e+06 1.26e+00 5.54e+03  -3.8 2.58e+05    -  1.08e-02 8.60e-03f  1
   5  1.8282803e+06 1.25e+00 5.78e+03  -3.8 2.51e+05    -  1.49e-02 6.56e-03f  1
   6  1.8257204e+06 1.25e+00 5.96e+03  -3.8 2.20e+05    -  7.68e-03 1.63e-03f  1
   7  1.8201996e+06 1.25e+00 5.91e+03  -3.8 1.89e+05    -  2.93e-03 3.72e-03f  1
   8  1.8115304e+06 1.51e+00 5.88e+03   0.3 2.22e+05    -  6.35e-06 5.18e-03f  1
   9  1.8071415e+06 1.59e+00 5.86e+03   0.1 2.37e+05    -  8.02e-03 2.62e-03f  1
iter    objective    inf_pr   inf_du lg(mu)  ||d||  lg(rg) alpha_du alpha_pr  ls
  10  1.7918578e+06 2.65e+00 5.88e+03   1.0 2.68e+05    -  6.16e-04 9.11e-03f  1
  11  1.7906285e+06 2.65e+00 5.66e+03   1.8 4.21e+05    -  4.08e-03 7.43e-04f  1
  12  1.7626071e+06 5.86e+00 5.69e+03   1.0 3.15e+05    -  3.25e-03 1.60e-02f  1
  13  1.7622057e+06 5.86e+00 3.39e+04   1.6 2.63e+05    -  2.91e-02 2.91e-04f  1
  14  1.7610126e+06 5.86e+00 6.83e+04  -3.8 1.73e+05    -  2.03e-02 9.71e-04f  1
  15  1.7439670e+06 7.87e+00 1.25e+05   0.1 1.74e+05    -  4.98e-02 1.43e-02f  1
  16  1.7231225e+06 9.42e+00 1.22e+05   1.3 8.32e+05    -  2.44e-02 1.29e-02f  1
  17  1.6910111e+06 7.74e+01 1.11e+05   2.2 1.06e+06    -  9.35e-04 2.60e-02f  1
  18  1.6827320e+06 7.71e+01 1.20e+05   1.6 8.79e+05    -  5.95e-02 7.53e-03f  1
  19  1.6491680e+06 7.49e+01 1.16e+05   0.9 8.34e+05    -  1.13e-02 2.92e-02f  1
iter    objective    inf_pr   inf_du lg(mu)  ||d||  lg(rg) alpha_du alpha_pr  ls
  20  1.6266045e+06 8.40e+01 1.10e+05   2.0 1.37e+06    -  1.77e-02 2.70e-02f  1
  21  1.6101881e+06 8.26e+01 1.14e+05   1.9 1.27e+06    -  4.29e-02 1.97e-02f  1
  22  1.5029832e+06 7.59e+01 9.71e+04   1.6 1.09e+06    -  3.65e-02 9.73e-02f  1
  23  1.3491436e+06 6.71e+01 7.77e+04   1.5 1.16e+06    -  1.87e-02 1.25e-01f  1
  24  1.1633963e+06 8.69e+01 5.71e+04   1.5 1.29e+06    -  4.39e-02 1.41e-01f  1
  25  1.0508512e+06 8.59e+01 4.98e+04   1.3 1.26e+06    -  5.18e-02 8.06e-02f  1
  26  1.0078604e+06 8.43e+01 6.17e+04   1.5 1.21e+06    -  8.40e-02 3.56e-02f  1
  27  8.2417219e+05 9.35e+01 3.87e+04   1.5 1.12e+06    -  1.03e-01 1.54e-01f  1
  28  6.7978464e+05 9.54e+01 9.06e+04   1.4 8.04e+05    -  3.32e-01 1.55e-01f  1
  29  5.1868768e+05 1.00e+02 1.69e+05   1.1 5.59e+05    -  5.96e-01 2.18e-01f  1
iter    objective    inf_pr   inf_du lg(mu)  ||d||  lg(rg) alpha_du alpha_pr  ls
  30  4.3393775e+05 9.47e+01 2.42e+05   0.5 3.17e+05    -  5.94e-01 1.66e-01f  1
  31  3.7582554e+05 8.78e+01 1.74e+05   0.5 2.39e+05    -  8.07e-02 1.65e-01f  1
  32  3.5225871e+05 8.11e+01 1.51e+05  -0.2 2.71e+05    -  3.46e-02 8.57e-02f  1
  33  3.1992617e+05 6.90e+01 1.22e+05   1.3 3.32e+05    -  7.46e-02 1.50e-01f  1
  34  2.9413920e+05 5.99e+01 1.07e+05   1.2 2.96e+05    -  2.27e-01 1.33e-01f  1
  35  2.6357896e+05 4.86e+01 9.56e+04   1.3 2.64e+05    -  5.75e-01 1.92e-01f  1
  36  2.4036339e+05 4.71e+01 9.00e+04   1.3 1.98e+05    -  3.83e-01 1.95e-01f  1
  37  2.1270115e+05 5.32e+01 6.75e+04   1.3 1.47e+05    -  3.23e-01 2.87e-01f  1
  38  1.7690171e+05 7.42e+01 9.95e+04   1.2 8.52e+04    -  8.45e-01 4.46e-01f  1
  39  1.5918765e+05 5.65e+01 1.71e+05   0.8 2.47e+04    -  1.00e+00 2.57e-01f  1
iter    objective    inf_pr   inf_du lg(mu)  ||d||  lg(rg) alpha_du alpha_pr  ls
  40  1.5019885e+05 4.72e+01 2.41e+05   0.5 1.85e+04    -  1.00e+00 1.88e-01f  1
  41  1.4594660e+05 4.20e+01 3.75e+05   0.3 1.16e+04    -  1.00e+00 1.25e-01f  1
  42  1.3791221e+05 3.44e+01 5.15e+05  -0.1 1.21e+04    -  1.00e+00 3.20e-01f  1
  43  1.3983206e+05 2.63e+01 3.61e+05  -6.0 1.03e+04    -  1.98e-01 2.39e-01h  1
  44  1.4758706e+05 9.47e+00 5.57e+05   1.2 4.14e+04    -  2.25e-01 6.58e-01h  1
  45  1.4612904e+05 7.13e+00 2.41e+05   0.0 2.92e+04    -  7.28e-01 2.72e-01f  1
  46  1.4568688e+05 4.64e+00 2.04e+06   1.0 1.56e+04    -  8.10e-01 3.53e-01h  1
  47  1.4424288e+05 3.08e+00 2.12e+06   0.8 1.08e+04    -  1.00e+00 6.55e-01h  1
  48  1.4311411e+05 1.97e+00 2.15e+06  -0.2 1.60e+04    -  1.00e+00 3.69e-01f  1
  49  1.4222883e+05 1.09e+00 9.74e+05  -1.0 1.38e+04    -  1.00e+00 5.44e-01f  1
iter    objective    inf_pr   inf_du lg(mu)  ||d||  lg(rg) alpha_du alpha_pr  ls
  50  1.4188881e+05 3.89e-01 2.03e+05  -2.0 6.71e+03    -  1.00e+00 7.07e-01f  1
  51  1.4185309e+05 1.48e-01 7.10e+05  -3.3 1.99e+03    -  1.00e+00 6.49e-01f  1
  52  1.4184914e+05 5.65e-02 1.50e+06  -3.7 7.01e+02    -  1.00e+00 6.33e-01f  1
  53  1.4184624e+05 1.92e-02 1.40e+06  -4.5 2.90e+02    -  1.00e+00 6.83e-01f  1
  54  1.4183721e+05 3.22e-02 1.89e+06  -3.0 2.00e+03    -  1.00e+00 2.64e-01f  1
  55  1.4183742e+05 4.14e-02 7.68e+06  -1.0 4.65e+03    -  8.16e-01 3.96e-02f  1
  56  1.4183361e+05 3.76e-02 6.49e+06  -1.1 4.22e+03    -  9.44e-02 1.91e-01f  1
  57  1.4183093e+05 6.41e-02 1.45e+06  -0.4 9.39e+03    -  2.77e-01 3.77e-01f  1
  58  1.4179861e+05 1.43e-01 7.40e+05  -0.8 2.65e+04    -  6.51e-01 1.67e-01f  1
  59  1.4178265e+05 1.55e-01 4.93e+06  -1.7 1.40e+04    -  5.04e-01 1.27e-01f  1
iter    objective    inf_pr   inf_du lg(mu)  ||d||  lg(rg) alpha_du alpha_pr  ls
  60  1.4177335e+05 2.09e-01 3.32e+06  -1.2 2.53e+03    -  8.19e-01 5.13e-01f  1
  61  1.4175919e+05 1.14e-01 3.77e+06  -1.8 7.51e+02    -  1.00e+00 5.44e-01f  1
  62  1.4175567e+05 4.88e-02 1.38e+06  -1.9 1.05e+03    -  1.00e+00 6.62e-01f  1
  63  1.4175654e+05 3.14e-02 3.22e+05  -1.6 2.83e+03    -  7.20e-01 3.57e-01h  1
  64  1.4175673e+05 2.35e-01 1.07e+05  -1.0 1.06e+04    -  2.99e-01 2.80e-01f  1
  65  1.4174461e+05 1.19e-01 7.27e+04  -1.5 7.14e+02    -  7.78e-01 7.26e-01f  1
  66  1.4174460e+05 1.08e-01 2.59e+06  -7.4 4.34e+02    -  7.77e-01 9.28e-02h  1
  67  1.4174588e+05 5.05e-02 1.01e+06  -2.2 1.01e+03    -  1.00e+00 6.44e-01h  1
  68  1.4175001e+05 2.65e-02 3.67e+05  -1.6 1.09e+03    -  9.43e-01 4.88e-01h  1
  69  1.4174843e+05 2.86e-02 8.02e+05  -2.3 2.69e+03    -  8.13e-01 2.42e-01f  1
iter    objective    inf_pr   inf_du lg(mu)  ||d||  lg(rg) alpha_du alpha_pr  ls
  70  1.4174737e+05 1.59e-02 7.89e+05  -2.7 7.41e+01    -  1.00e+00 4.58e-01f  1
  71  1.4174636e+05 7.48e-03 4.18e+05  -3.3 1.58e+02    -  1.00e+00 5.57e-01f  1
  72  1.4174591e+05 4.23e-03 2.53e+05  -3.9 3.41e+02    -  1.00e+00 4.49e-01f  1
  73  1.4174579e+05 4.56e-03 5.35e+04  -2.5 1.83e+03    -  8.08e-01 4.11e-01f  1
  74  1.4174532e+05 3.67e-03 8.52e+04  -3.0 3.65e+03    -  5.97e-01 2.00e-01f  1
  75  1.4174321e+05 5.22e-03 8.18e+04  -2.8 6.82e+04    -  4.66e-01 5.12e-02f  1
  76  1.4174315e+05 5.06e-03 9.07e+04  -2.8 1.05e+03    -  9.81e-01 3.34e-02f  1
  77  1.4174306e+05 3.06e-03 1.08e+05  -3.9 3.69e+01    -  8.30e-01 4.23e-01h  1
  78  1.4174302e+05 2.75e-03 1.14e+05  -3.8 4.13e+01    -  1.00e+00 1.08e-01h  1
  79  1.4174276e+05 1.94e-03 4.42e+04  -4.0 4.71e+01    -  1.00e+00 6.35e-01f  1
iter    objective    inf_pr   inf_du lg(mu)  ||d||  lg(rg) alpha_du alpha_pr  ls
  80  1.4174285e+05 9.08e-04 2.03e+04  -4.6 1.83e+01    -  1.00e+00 6.02e-01h  1
  81  1.4174293e+05 2.12e-04 4.07e+03  -5.3 7.91e+00    -  1.00e+00 8.18e-01h  1
  82  1.4174295e+05 2.43e-05 4.96e+02  -6.4 1.33e+00    -  1.00e+00 8.93e-01h  1
  83  1.4174295e+05 3.17e-08 1.70e-05  -6.7 1.69e-01    -  1.00e+00 1.00e+00h  1

Number of Iterations....: 83

                                   (scaled)                 (unscaled)
Objective...............:   1.4174295091659160e+05    1.4174295091659160e+05
Dual infeasibility......:   1.6986868967434253e-05    1.6986868967434253e-05
Constraint violation....:   1.4852366923155428e-08    3.1730451155453920e-08
Variable bound violation:   0.0000000000000000e+00    0.0000000000000000e+00
Complementarity.........:   3.6746356907638703e-07    3.6746356907638703e-07
Overall NLP error.......:   2.4848163219085802e-06    1.6986868967434253e-05


Number of objective function evaluations             = 84
Number of objective gradient evaluations             = 84
Number of equality constraint evaluations            = 84
Number of inequality constraint evaluations          = 84
Number of equality constraint Jacobian evaluations   = 84
Number of inequality constraint Jacobian evaluations = 84
Number of Lagrangian Hessian evaluations             = 0
Total seconds in IPOPT                               = 271.479

EXIT: Optimal Solution Found.

===== STRICT SOLVER CERTIFICATE =====
Solver status: ok
Termination condition: optimal
Solver message: Ipopt 3.14.19\x3a Optimal Solution Found
=====================================

C:\Users\MUNEERA\AppData\Local\Temp\F2REF_1b5if8kx\J1LOC_FIVE_STARTS_20260916_001325_739479\_isolated_project\_LOCATION_WORKER.py:3433: RuntimeWarning: invalid value encountered in divide
  pv_curtailment_kW / pv_available_kW,
Accepted BESS activity audit: throughput=1567.375 kWh, SOC swing=0.7838 p.u., curtailment=4.04%, objective improvement=92.3918%.
Saved accepted Case-C full-state warm start for Case D: 100176 values.
Extracting OPF results for Case_C_balanced

===== BESS EXCLUSIVITY NUMERICAL AUDIT =====
Model limit             : 1e-08
Solved maximum product  : 1.9999381895439376e-08
Numerical excess        : 9.999381895439376e-09
Audit numerical ceiling : 1e-07
Audit result            : PASS
=============================================

Running OpenDSS validation for Case_C_balanced
Generating to C:\Users\MUNEERA\AppData\Local\Temp\gen_py\3.11\8BFDE413-245A-4514-B151-B16DCC243796x0x1x0.py
Building definitions from type library...
Generating...
Importing module
Complete weighted-objective workbook:
C:\Users\MUNEERA\AppData\Local\Temp\F2REF_1b5if8kx\J1LOC_FIVE_STARTS_20260916_001325_739479\START_2_S2_LIGHT_REFERENCE\Case_C_balanced/P2_LEXICOGRAPHIC_COMPLETE_RESULTS.xlsx
Complete 3x3 dashboard:
C:\Users\MUNEERA\AppData\Local\Temp\F2REF_1b5if8kx\J1LOC_FIVE_STARTS_20260916_001325_739479\START_2_S2_LIGHT_REFERENCE\Case_C_balanced/P2_ONE_STAGE_WEIGHTED_SUPERVISOR_3X3.png
Saved clean P/Q command plots:
C:\Users\MUNEERA\AppData\Local\Temp\F2REF_1b5if8kx\J1LOC_FIVE_STARTS_20260916_001325_739479\START_2_S2_LIGHT_REFERENCE\Case_C_balanced/PLOT_02_BESS_P_command_by_phase.png
C:\Users\MUNEERA\AppData\Local\Temp\F2REF_1b5if8kx\J1LOC_FIVE_STARTS_20260916_001325_739479\START_2_S2_LIGHT_REFERENCE\Case_C_balanced/PLOT_03_BESS_Q_command_by_phase.png
C:\Users\MUNEERA\AppData\Local\Temp\F2REF_1b5if8kx\J1LOC_FIVE_STARTS_20260916_001325_739479\START_2_S2_LIGHT_REFERENCE\Case_C_balanced/PLOT_04_CONFERENCE_2x2_P_Q_SOC_commands.png

===== CASE COMPLETE =====
Case_C_balanced
      case_name scenario_id PV_architecture  BESS_enabled      size_label control_mode  BESS_energy_kWh  BESS_power_kW  BESS_C_rate               Objective_mode solver_status termination_condition  objective_value_solver_raw_W_sum  objective_value_normalized  objective_power_base_W  objective_value  objective_value_raw_W_sum  initial_objective_raw_W_sum  objective_improvement_fraction  PV_available_energy_kWh  PV_curtailment_fraction  BESS_SOC_swing_pu  dead_BESS_rejection_guard_passed  Battery_throughput_penalty  Night_only_discharge_gate_enabled  Night_PV_to_demand_ratio_threshold  Net_injection_smoothing_penalty                                                                          Objective_equation  Time_sim_interval_minutes  Number_of_time_steps  delta_t_hours_from_time_grid  Cold_start  Warm_started_from_Case_C  Manual_initialization_in_main_script  Forced_no_discharge_time_min  PV_command_energy_kWh  PV_curtailment_energy_kWh  PV_curtailment_percent  PV_whole_horizon_curtailment_fraction_guard  PV_max_single_interval_curtailment_fraction  PV_max_single_interval_time_min  PV_curtailment_reporting_interval_h  BESS_charge_energy_kWh  BESS_discharge_energy_kWh  BESS_throughput_kWh  BESS_equivalent_full_cycles_over_horizon  BESS_cycle_limit_enabled  BESS_cycle_limit_over_horizon  BESS_cycle_limit_margin  BESS_SOC_min_observed  BESS_SOC_max_observed  BESS_DOD_observed_pu  BESS_initial_SOC  BESS_last_state_SOC  BESS_terminal_SOC_target  BESS_terminal_SOC_estimate  BESS_terminal_SOC_error  BESS_max_exclusivity_product_pu2  BESS_cross_phase_opposite_direction_interval_count  BESS_SOC_balance_max_abs_error_pu  Voltage_violation_rows_OPF_or_DSS  Max_voltage_violation_pu_OPF_or_DSS  Total_voltage_violation_pu_OPF_or_DSS  Max_OPF_network_voltage_range_pu  Max_DSS_network_voltage_range_pu  Max_OPF_VUF2_percent  Max_DSS_VUF2_percent  Max_OPF_VUF0_percent  Max_DSS_VUF0_percent  OPF_total_line_losses_kWh  Max_OPF_line_loading_percent  Max_DSS_line_loading_percent
Case_C_balanced           C         central          True E1000kWh_P250kW     balanced           1000.0          250.0         0.25 one_stage_weighted_power_sum            ok               optimal                     141742.950917                     0.60063           235990.308754    141742.951273              141742.951273                 1.863031e+06                        0.923918              1750.272607                 0.040402           0.783832                              True                      0.0001                               True                            0.000001                              0.0 sum_t[(PV_available-PV_command)+1e-3*|Q_PV|] + 0.0001*sum_t(P_BESS_charge+P_BESS_discharge)                         30                    48                           0.5        True                     False                                  True                           NaN            1679.557869                  70.714738                4.040213                                     0.040402                                          1.0                             1050                                  0.5              870.925437                 696.449595          1567.375032                                  0.783688                      True                            1.0                 0.216312               0.189593               0.973425              0.783832               0.5             0.551644                       0.5                        0.51                     0.01                      1.999938e-08                                                  36                       1.202372e-13                                 25                             0.000012                               0.000034                          0.044494                           0.04449              0.439966              0.439975              1.694801              1.694701                  34.912032                    100.000001                      100.0166
